#
# There is insufficient memory for the Java Runtime Environment to continue.
# Native memory allocation (malloc) failed to allocate 1048576 bytes. Error detail: AllocateHeap
# Possible reasons:
#   The system is out of physical RAM or swap space
#   This process is running with CompressedOops enabled, and the Java Heap may be blocking the growth of the native heap
# Possible solutions:
#   Reduce memory load on the system
#   Increase physical memory or swap space
#   Check if swap backing store is full
#   Decrease Java heap size (-Xmx/-Xms)
#   Decrease number of Java threads
#   Decrease Java thread stack sizes (-Xss)
#   Set larger code cache with -XX:ReservedCodeCacheSize=
#   JVM is running with Unscaled Compressed Oops mode in which the Java heap is
#     placed in the first 4GB address space. The Java Heap base address is the
#     maximum limit for the native heap growth. Please use -XX:HeapBaseMinAddress
#     to set the Java Heap base and to place the Java Heap above 4GB virtual address.
# This output file may be truncated or incomplete.
#
#  Out of Memory Error (allocation.cpp:44), pid=18844, tid=4116
#
# JRE version: Java(TM) SE Runtime Environment (24.0.1+9) (build 24.0.1+9-30)
# Java VM: Java HotSpot(TM) 64-Bit Server VM (24.0.1+9-30, mixed mode, emulated-client, sharing, tiered, compressed oops, compressed class ptrs, g1 gc, windows-amd64)
# No core dump will be written. Minidumps are not enabled by default on client versions of Windows
#

---------------  S U M M A R Y ------------

Command Line: -XX:TieredStopAtLevel=1 -Dspring.output.ansi.enabled=always -Dcom.sun.management.jmxremote -Dspring.jmx.enabled=true -Dspring.liveBeansView.mbeanDomain -Dspring.application.admin.enabled=true -Dmanagement.endpoints.jmx.exposure.include=* -javaagent:C:\Program Files\JetBrains\IntelliJ IDEA 2025.1.2\lib\idea_rt.jar=59819 -Dfile.encoding=UTF-8 -Dsun.stdout.encoding=UTF-8 -Dsun.stderr.encoding=UTF-8 com.anish.ecomproj.EcomProjApplication

Host: AMD Ryzen 7 6800H with Radeon Graphics         , 16 cores, 7G,  Windows 11 , 64 bit Build 26100 (10.0.26100.4484)
Time: Tue Jul  1 16:22:31 2025 India Standard Time elapsed time: 4.107335 seconds (0d 0h 0m 4s)

---------------  T H R E A D  ---------------

Current thread (0x000001adf259aba0):  JavaThread "Attach Listener" daemon [_thread_in_vm, id=4116, stack(0x0000007018a00000,0x0000007018b00000) (1024K)]

Stack: [0x0000007018a00000,0x0000007018b00000]
Native frames: (J=compiled Java code, j=interpreted, Vv=VM code, C=native code)
V  [jvm.dll+0x730739]  (no source info available)
V  [jvm.dll+0x8d9b23]  (no source info available)
V  [jvm.dll+0x8dc00d]  (no source info available)
V  [jvm.dll+0x8dc683]  (no source info available)
V  [jvm.dll+0x2aa086]  (no source info available)
V  [jvm.dll+0xbe9d7]  (no source info available)
V  [jvm.dll+0x73104f]  (no source info available)
V  [jvm.dll+0x14de76]  (no source info available)
V  [jvm.dll+0x42f456]  (no source info available)
V  [jvm.dll+0x87d76b]  (no source info available)
V  [jvm.dll+0x72ee55]  (no source info available)
C  [ucrtbase.dll+0x37b0]  (no source info available)
C  [KERNEL32.DLL+0x2e8d7]  (no source info available)
C  [ntdll.dll+0x3c34c]  (no source info available)

Lock stack of current Java thread (top to bottom):


---------------  P R O C E S S  ---------------

Threads class SMR info:
_java_thread_list=0x000001adc5a2ee90, length=13, elements={
0x000001ade10e79c0, 0x000001adf2593a40, 0x000001adf2594cf0, 0x000001adf259a450,
0x000001adf259aba0, 0x000001adf2597870, 0x000001adf2598e60, 0x000001adf25a31d0,
0x000001adf25de5f0, 0x000001adf2599d00, 0x000001adf25995b0, 0x000001adf2597fc0,
0x000001adf2598710
}

Java Threads: ( => current thread )
  0x000001ade10e79c0 JavaThread "main"                              [_thread_in_vm, id=19808, stack(0x0000007017f00000,0x0000007018000000) (1024K)]
  0x000001adf2593a40 JavaThread "Reference Handler"          daemon [_thread_blocked, id=10100, stack(0x0000007018700000,0x0000007018800000) (1024K)]
  0x000001adf2594cf0 JavaThread "Finalizer"                  daemon [_thread_blocked, id=6272, stack(0x0000007018800000,0x0000007018900000) (1024K)]
  0x000001adf259a450 JavaThread "Signal Dispatcher"          daemon [_thread_blocked, id=26504, stack(0x0000007018900000,0x0000007018a00000) (1024K)]
=>0x000001adf259aba0 JavaThread "Attach Listener"            daemon [_thread_in_vm, id=4116, stack(0x0000007018a00000,0x0000007018b00000) (1024K)]
  0x000001adf2597870 JavaThread "Service Thread"             daemon [_thread_blocked, id=18964, stack(0x0000007018b00000,0x0000007018c00000) (1024K)]
  0x000001adf2598e60 JavaThread "Monitor Deflation Thread"   daemon [_thread_blocked, id=6560, stack(0x0000007018c00000,0x0000007018d00000) (1024K)]
  0x000001adf25a31d0 JavaThread "C1 CompilerThread0"         daemon [_thread_blocked, id=22900, stack(0x0000007018d00000,0x0000007018e00000) (1024K)]
  0x000001adf25de5f0 JavaThread "C1 CompilerThread1"         daemon [_thread_blocked, id=14048, stack(0x0000007018e00000,0x0000007018f00000) (1024K)]
  0x000001adf2599d00 JavaThread "Common-Cleaner"             daemon [_thread_blocked, id=1508, stack(0x0000007018f00000,0x0000007019000000) (1024K)]
  0x000001adf25995b0 JavaThread "Monitor Ctrl-Break"         daemon [_thread_in_native, id=25076, stack(0x0000007019200000,0x0000007019300000) (1024K)]
  0x000001adf2597fc0 JavaThread "Notification Thread"        daemon [_thread_blocked, id=22004, stack(0x0000007019300000,0x0000007019400000) (1024K)]
  0x000001adf2598710 JavaThread "RMI TCP Accept-0"           daemon [_thread_in_native, id=15444, stack(0x0000007019400000,0x0000007019500000) (1024K)]
Total: 13

Other Threads:
  0x000001adf25826d0 VMThread "VM Thread"                           [id=18080, stack(0x0000007018600000,0x0000007018700000) (1024K)]
  0x000001adf244dca0 WatcherThread "VM Periodic Task Thread"        [id=10308, stack(0x0000007018500000,0x0000007018600000) (1024K)]
  0x000001ade113b750 WorkerThread "GC Thread#0"                     [id=16568, stack(0x0000007018000000,0x0000007018100000) (1024K)]
  0x000001ade114e680 ConcurrentGCThread "G1 Main Marker"            [id=5604, stack(0x0000007018100000,0x0000007018200000) (1024K)]
  0x000001ade1150730 WorkerThread "G1 Conc#0"                       [id=18132, stack(0x0000007018200000,0x0000007018300000) (1024K)]
  0x000001adf2446430 ConcurrentGCThread "G1 Refine#0"               [id=16472, stack(0x0000007018300000,0x0000007018400000) (1024K)]
  0x000001adf2446c60 ConcurrentGCThread "G1 Service"                [id=19584, stack(0x0000007018400000,0x0000007018500000) (1024K)]
Total: 7

Threads with active compile tasks:
Total: 0

VM state: not at safepoint (normal execution)

VM Mutex/Monitor currently owned by a thread: None

Heap address: 0x000000008ce00000, size: 1842 MB, Compressed Oops mode: 32-bit

CDS archive(s) mapped at: [0x000001ad80000000-0x000001ad80d40000-0x000001ad80d40000), size 13893632, SharedBaseAddress: 0x000001ad80000000, ArchiveRelocationMode: 1.
Compressed class space mapped at: 0x000001ad81000000-0x000001adc1000000, reserved size: 1073741824
UseCompressedClassPointers 1, UseCompactObjectHeaders 0
Narrow klass pointer bits 32, Max shift 3
Narrow klass base: 0x000001ad80000000, Narrow klass shift: 0
Encoding Range: [0x000001ad80000000 - 0x000001ae80000000), (4294967296 bytes)
Klass Range:    [0x000001ad80000000 - 0x000001adc1000000), (1090519040 bytes)
Klass ID Range:  [8 - 1090519033) (1090519025)

GC Precious Log:
 CardTable entry size: 512
 Card Set container configuration: InlinePtr #cards 5 size 8 Array Of Cards #cards 10 size 36 Howl #buckets 4 coarsen threshold 1843 Howl Bitmap #cards 512 size 80 coarsen threshold 460 Card regions per heap region 1 cards per card region 2048
 CPUs: 16 total, 16 available
 Memory: 7365M
 Large Page Support: Disabled
 NUMA Support: Disabled
 Compressed Oops: Enabled (32-bit)
 Heap Region Size: 1M
 Heap Min Capacity: 8M
 Heap Initial Capacity: 116M
 Heap Max Capacity: 1842M
 Pre-touch: Disabled
 Parallel Workers: 13
 Concurrent Workers: 3
 Concurrent Refinement Workers: 13
 Periodic GC: Disabled

Heap:
 garbage-first heap   total reserved 1886208K, committed 120832K, used 24692K [0x000000008ce00000, 0x0000000100000000)
  region size 1024K, 22 young (22528K), 0 survivors (0K)
 Metaspace       used 6048K, committed 6272K, reserved 1114112K
  class space    used 580K, committed 704K, reserved 1048576K

Heap Regions: E=young(eden), S=young(survivor), O=old, HS=humongous(starts), HC=humongous(continues), CS=collection set, F=free, TAMS=top-at-mark-start, PB=parsable bottom
|   0|0x000000008ce00000, 0x000000008cf00000, 0x000000008cf00000|100%|HS|  |TAMS 0x000000008ce00000| PB 0x000000008ce00000| Complete |  0
|   1|0x000000008cf00000, 0x000000008d000000, 0x000000008d000000|100%|HS|  |TAMS 0x000000008cf00000| PB 0x000000008cf00000| Complete |  0
|   2|0x000000008d000000, 0x000000008d000000, 0x000000008d100000|  0%| F|  |TAMS 0x000000008d000000| PB 0x000000008d000000| Untracked |  0
|   3|0x000000008d100000, 0x000000008d100000, 0x000000008d200000|  0%| F|  |TAMS 0x000000008d100000| PB 0x000000008d100000| Untracked |  0
|   4|0x000000008d200000, 0x000000008d200000, 0x000000008d300000|  0%| F|  |TAMS 0x000000008d200000| PB 0x000000008d200000| Untracked |  0
|   5|0x000000008d300000, 0x000000008d300000, 0x000000008d400000|  0%| F|  |TAMS 0x000000008d300000| PB 0x000000008d300000| Untracked |  0
|   6|0x000000008d400000, 0x000000008d400000, 0x000000008d500000|  0%| F|  |TAMS 0x000000008d400000| PB 0x000000008d400000| Untracked |  0
|   7|0x000000008d500000, 0x000000008d500000, 0x000000008d600000|  0%| F|  |TAMS 0x000000008d500000| PB 0x000000008d500000| Untracked |  0
|   8|0x000000008d600000, 0x000000008d600000, 0x000000008d700000|  0%| F|  |TAMS 0x000000008d600000| PB 0x000000008d600000| Untracked |  0
|   9|0x000000008d700000, 0x000000008d700000, 0x000000008d800000|  0%| F|  |TAMS 0x000000008d700000| PB 0x000000008d700000| Untracked |  0
|  10|0x000000008d800000, 0x000000008d800000, 0x000000008d900000|  0%| F|  |TAMS 0x000000008d800000| PB 0x000000008d800000| Untracked |  0
|  11|0x000000008d900000, 0x000000008d900000, 0x000000008da00000|  0%| F|  |TAMS 0x000000008d900000| PB 0x000000008d900000| Untracked |  0
|  12|0x000000008da00000, 0x000000008da00000, 0x000000008db00000|  0%| F|  |TAMS 0x000000008da00000| PB 0x000000008da00000| Untracked |  0
|  13|0x000000008db00000, 0x000000008db00000, 0x000000008dc00000|  0%| F|  |TAMS 0x000000008db00000| PB 0x000000008db00000| Untracked |  0
|  14|0x000000008dc00000, 0x000000008dc00000, 0x000000008dd00000|  0%| F|  |TAMS 0x000000008dc00000| PB 0x000000008dc00000| Untracked |  0
|  15|0x000000008dd00000, 0x000000008dd00000, 0x000000008de00000|  0%| F|  |TAMS 0x000000008dd00000| PB 0x000000008dd00000| Untracked |  0
|  16|0x000000008de00000, 0x000000008de00000, 0x000000008df00000|  0%| F|  |TAMS 0x000000008de00000| PB 0x000000008de00000| Untracked |  0
|  17|0x000000008df00000, 0x000000008df00000, 0x000000008e000000|  0%| F|  |TAMS 0x000000008df00000| PB 0x000000008df00000| Untracked |  0
|  18|0x000000008e000000, 0x000000008e000000, 0x000000008e100000|  0%| F|  |TAMS 0x000000008e000000| PB 0x000000008e000000| Untracked |  0
|  19|0x000000008e100000, 0x000000008e100000, 0x000000008e200000|  0%| F|  |TAMS 0x000000008e100000| PB 0x000000008e100000| Untracked |  0
|  20|0x000000008e200000, 0x000000008e200000, 0x000000008e300000|  0%| F|  |TAMS 0x000000008e200000| PB 0x000000008e200000| Untracked |  0
|  21|0x000000008e300000, 0x000000008e300000, 0x000000008e400000|  0%| F|  |TAMS 0x000000008e300000| PB 0x000000008e300000| Untracked |  0
|  22|0x000000008e400000, 0x000000008e400000, 0x000000008e500000|  0%| F|  |TAMS 0x000000008e400000| PB 0x000000008e400000| Untracked |  0
|  23|0x000000008e500000, 0x000000008e500000, 0x000000008e600000|  0%| F|  |TAMS 0x000000008e500000| PB 0x000000008e500000| Untracked |  0
|  24|0x000000008e600000, 0x000000008e600000, 0x000000008e700000|  0%| F|  |TAMS 0x000000008e600000| PB 0x000000008e600000| Untracked |  0
|  25|0x000000008e700000, 0x000000008e700000, 0x000000008e800000|  0%| F|  |TAMS 0x000000008e700000| PB 0x000000008e700000| Untracked |  0
|  26|0x000000008e800000, 0x000000008e800000, 0x000000008e900000|  0%| F|  |TAMS 0x000000008e800000| PB 0x000000008e800000| Untracked |  0
|  27|0x000000008e900000, 0x000000008e900000, 0x000000008ea00000|  0%| F|  |TAMS 0x000000008e900000| PB 0x000000008e900000| Untracked |  0
|  28|0x000000008ea00000, 0x000000008ea00000, 0x000000008eb00000|  0%| F|  |TAMS 0x000000008ea00000| PB 0x000000008ea00000| Untracked |  0
|  29|0x000000008eb00000, 0x000000008eb00000, 0x000000008ec00000|  0%| F|  |TAMS 0x000000008eb00000| PB 0x000000008eb00000| Untracked |  0
|  30|0x000000008ec00000, 0x000000008ec00000, 0x000000008ed00000|  0%| F|  |TAMS 0x000000008ec00000| PB 0x000000008ec00000| Untracked |  0
|  31|0x000000008ed00000, 0x000000008ed00000, 0x000000008ee00000|  0%| F|  |TAMS 0x000000008ed00000| PB 0x000000008ed00000| Untracked |  0
|  32|0x000000008ee00000, 0x000000008ee00000, 0x000000008ef00000|  0%| F|  |TAMS 0x000000008ee00000| PB 0x000000008ee00000| Untracked |  0
|  33|0x000000008ef00000, 0x000000008ef00000, 0x000000008f000000|  0%| F|  |TAMS 0x000000008ef00000| PB 0x000000008ef00000| Untracked |  0
|  34|0x000000008f000000, 0x000000008f000000, 0x000000008f100000|  0%| F|  |TAMS 0x000000008f000000| PB 0x000000008f000000| Untracked |  0
|  35|0x000000008f100000, 0x000000008f100000, 0x000000008f200000|  0%| F|  |TAMS 0x000000008f100000| PB 0x000000008f100000| Untracked |  0
|  36|0x000000008f200000, 0x000000008f200000, 0x000000008f300000|  0%| F|  |TAMS 0x000000008f200000| PB 0x000000008f200000| Untracked |  0
|  37|0x000000008f300000, 0x000000008f300000, 0x000000008f400000|  0%| F|  |TAMS 0x000000008f300000| PB 0x000000008f300000| Untracked |  0
|  38|0x000000008f400000, 0x000000008f400000, 0x000000008f500000|  0%| F|  |TAMS 0x000000008f400000| PB 0x000000008f400000| Untracked |  0
|  39|0x000000008f500000, 0x000000008f500000, 0x000000008f600000|  0%| F|  |TAMS 0x000000008f500000| PB 0x000000008f500000| Untracked |  0
|  40|0x000000008f600000, 0x000000008f600000, 0x000000008f700000|  0%| F|  |TAMS 0x000000008f600000| PB 0x000000008f600000| Untracked |  0
|  41|0x000000008f700000, 0x000000008f700000, 0x000000008f800000|  0%| F|  |TAMS 0x000000008f700000| PB 0x000000008f700000| Untracked |  0
|  42|0x000000008f800000, 0x000000008f800000, 0x000000008f900000|  0%| F|  |TAMS 0x000000008f800000| PB 0x000000008f800000| Untracked |  0
|  43|0x000000008f900000, 0x000000008f900000, 0x000000008fa00000|  0%| F|  |TAMS 0x000000008f900000| PB 0x000000008f900000| Untracked |  0
|  44|0x000000008fa00000, 0x000000008fa00000, 0x000000008fb00000|  0%| F|  |TAMS 0x000000008fa00000| PB 0x000000008fa00000| Untracked |  0
|  45|0x000000008fb00000, 0x000000008fb00000, 0x000000008fc00000|  0%| F|  |TAMS 0x000000008fb00000| PB 0x000000008fb00000| Untracked |  0
|  46|0x000000008fc00000, 0x000000008fc00000, 0x000000008fd00000|  0%| F|  |TAMS 0x000000008fc00000| PB 0x000000008fc00000| Untracked |  0
|  47|0x000000008fd00000, 0x000000008fd00000, 0x000000008fe00000|  0%| F|  |TAMS 0x000000008fd00000| PB 0x000000008fd00000| Untracked |  0
|  48|0x000000008fe00000, 0x000000008fe00000, 0x000000008ff00000|  0%| F|  |TAMS 0x000000008fe00000| PB 0x000000008fe00000| Untracked |  0
|  49|0x000000008ff00000, 0x000000008ff00000, 0x0000000090000000|  0%| F|  |TAMS 0x000000008ff00000| PB 0x000000008ff00000| Untracked |  0
|  50|0x0000000090000000, 0x0000000090000000, 0x0000000090100000|  0%| F|  |TAMS 0x0000000090000000| PB 0x0000000090000000| Untracked |  0
|  51|0x0000000090100000, 0x0000000090100000, 0x0000000090200000|  0%| F|  |TAMS 0x0000000090100000| PB 0x0000000090100000| Untracked |  0
|  52|0x0000000090200000, 0x0000000090200000, 0x0000000090300000|  0%| F|  |TAMS 0x0000000090200000| PB 0x0000000090200000| Untracked |  0
|  53|0x0000000090300000, 0x0000000090300000, 0x0000000090400000|  0%| F|  |TAMS 0x0000000090300000| PB 0x0000000090300000| Untracked |  0
|  54|0x0000000090400000, 0x0000000090400000, 0x0000000090500000|  0%| F|  |TAMS 0x0000000090400000| PB 0x0000000090400000| Untracked |  0
|  55|0x0000000090500000, 0x0000000090500000, 0x0000000090600000|  0%| F|  |TAMS 0x0000000090500000| PB 0x0000000090500000| Untracked |  0
|  56|0x0000000090600000, 0x0000000090600000, 0x0000000090700000|  0%| F|  |TAMS 0x0000000090600000| PB 0x0000000090600000| Untracked |  0
|  57|0x0000000090700000, 0x0000000090700000, 0x0000000090800000|  0%| F|  |TAMS 0x0000000090700000| PB 0x0000000090700000| Untracked |  0
|  58|0x0000000090800000, 0x0000000090800000, 0x0000000090900000|  0%| F|  |TAMS 0x0000000090800000| PB 0x0000000090800000| Untracked |  0
|  59|0x0000000090900000, 0x0000000090900000, 0x0000000090a00000|  0%| F|  |TAMS 0x0000000090900000| PB 0x0000000090900000| Untracked |  0
|  60|0x0000000090a00000, 0x0000000090a00000, 0x0000000090b00000|  0%| F|  |TAMS 0x0000000090a00000| PB 0x0000000090a00000| Untracked |  0
|  61|0x0000000090b00000, 0x0000000090b00000, 0x0000000090c00000|  0%| F|  |TAMS 0x0000000090b00000| PB 0x0000000090b00000| Untracked |  0
|  62|0x0000000090c00000, 0x0000000090c00000, 0x0000000090d00000|  0%| F|  |TAMS 0x0000000090c00000| PB 0x0000000090c00000| Untracked |  0
|  63|0x0000000090d00000, 0x0000000090d00000, 0x0000000090e00000|  0%| F|  |TAMS 0x0000000090d00000| PB 0x0000000090d00000| Untracked |  0
|  64|0x0000000090e00000, 0x0000000090e00000, 0x0000000090f00000|  0%| F|  |TAMS 0x0000000090e00000| PB 0x0000000090e00000| Untracked |  0
|  65|0x0000000090f00000, 0x0000000090f00000, 0x0000000091000000|  0%| F|  |TAMS 0x0000000090f00000| PB 0x0000000090f00000| Untracked |  0
|  66|0x0000000091000000, 0x0000000091000000, 0x0000000091100000|  0%| F|  |TAMS 0x0000000091000000| PB 0x0000000091000000| Untracked |  0
|  67|0x0000000091100000, 0x0000000091100000, 0x0000000091200000|  0%| F|  |TAMS 0x0000000091100000| PB 0x0000000091100000| Untracked |  0
|  68|0x0000000091200000, 0x0000000091200000, 0x0000000091300000|  0%| F|  |TAMS 0x0000000091200000| PB 0x0000000091200000| Untracked |  0
|  69|0x0000000091300000, 0x0000000091300000, 0x0000000091400000|  0%| F|  |TAMS 0x0000000091300000| PB 0x0000000091300000| Untracked |  0
|  70|0x0000000091400000, 0x0000000091400000, 0x0000000091500000|  0%| F|  |TAMS 0x0000000091400000| PB 0x0000000091400000| Untracked |  0
|  71|0x0000000091500000, 0x0000000091500000, 0x0000000091600000|  0%| F|  |TAMS 0x0000000091500000| PB 0x0000000091500000| Untracked |  0
|  72|0x0000000091600000, 0x0000000091600000, 0x0000000091700000|  0%| F|  |TAMS 0x0000000091600000| PB 0x0000000091600000| Untracked |  0
|  73|0x0000000091700000, 0x0000000091700000, 0x0000000091800000|  0%| F|  |TAMS 0x0000000091700000| PB 0x0000000091700000| Untracked |  0
|  74|0x0000000091800000, 0x0000000091800000, 0x0000000091900000|  0%| F|  |TAMS 0x0000000091800000| PB 0x0000000091800000| Untracked |  0
|  75|0x0000000091900000, 0x0000000091900000, 0x0000000091a00000|  0%| F|  |TAMS 0x0000000091900000| PB 0x0000000091900000| Untracked |  0
|  76|0x0000000091a00000, 0x0000000091a00000, 0x0000000091b00000|  0%| F|  |TAMS 0x0000000091a00000| PB 0x0000000091a00000| Untracked |  0
|  77|0x0000000091b00000, 0x0000000091b00000, 0x0000000091c00000|  0%| F|  |TAMS 0x0000000091b00000| PB 0x0000000091b00000| Untracked |  0
|  78|0x0000000091c00000, 0x0000000091c00000, 0x0000000091d00000|  0%| F|  |TAMS 0x0000000091c00000| PB 0x0000000091c00000| Untracked |  0
|  79|0x0000000091d00000, 0x0000000091d00000, 0x0000000091e00000|  0%| F|  |TAMS 0x0000000091d00000| PB 0x0000000091d00000| Untracked |  0
|  80|0x0000000091e00000, 0x0000000091e00000, 0x0000000091f00000|  0%| F|  |TAMS 0x0000000091e00000| PB 0x0000000091e00000| Untracked |  0
|  81|0x0000000091f00000, 0x0000000091f00000, 0x0000000092000000|  0%| F|  |TAMS 0x0000000091f00000| PB 0x0000000091f00000| Untracked |  0
|  82|0x0000000092000000, 0x0000000092000000, 0x0000000092100000|  0%| F|  |TAMS 0x0000000092000000| PB 0x0000000092000000| Untracked |  0
|  83|0x0000000092100000, 0x0000000092100000, 0x0000000092200000|  0%| F|  |TAMS 0x0000000092100000| PB 0x0000000092100000| Untracked |  0
|  84|0x0000000092200000, 0x0000000092200000, 0x0000000092300000|  0%| F|  |TAMS 0x0000000092200000| PB 0x0000000092200000| Untracked |  0
|  85|0x0000000092300000, 0x0000000092300000, 0x0000000092400000|  0%| F|  |TAMS 0x0000000092300000| PB 0x0000000092300000| Untracked |  0
|  86|0x0000000092400000, 0x0000000092400000, 0x0000000092500000|  0%| F|  |TAMS 0x0000000092400000| PB 0x0000000092400000| Untracked |  0
|  87|0x0000000092500000, 0x0000000092500000, 0x0000000092600000|  0%| F|  |TAMS 0x0000000092500000| PB 0x0000000092500000| Untracked |  0
|  88|0x0000000092600000, 0x0000000092600000, 0x0000000092700000|  0%| F|  |TAMS 0x0000000092600000| PB 0x0000000092600000| Untracked |  0
|  89|0x0000000092700000, 0x0000000092700000, 0x0000000092800000|  0%| F|  |TAMS 0x0000000092700000| PB 0x0000000092700000| Untracked |  0
|  90|0x0000000092800000, 0x0000000092800000, 0x0000000092900000|  0%| F|  |TAMS 0x0000000092800000| PB 0x0000000092800000| Untracked |  0
|  91|0x0000000092900000, 0x0000000092900000, 0x0000000092a00000|  0%| F|  |TAMS 0x0000000092900000| PB 0x0000000092900000| Untracked |  0
|  92|0x0000000092a00000, 0x0000000092a00000, 0x0000000092b00000|  0%| F|  |TAMS 0x0000000092a00000| PB 0x0000000092a00000| Untracked |  0
|  93|0x0000000092b00000, 0x0000000092b00000, 0x0000000092c00000|  0%| F|  |TAMS 0x0000000092b00000| PB 0x0000000092b00000| Untracked |  0
|  94|0x0000000092c00000, 0x0000000092d00000, 0x0000000092d00000|100%| E|  |TAMS 0x0000000092c00000| PB 0x0000000092c00000| Complete |  0
|  95|0x0000000092d00000, 0x0000000092e00000, 0x0000000092e00000|100%| E|CS|TAMS 0x0000000092d00000| PB 0x0000000092d00000| Complete |  0
|  96|0x0000000092e00000, 0x0000000092f00000, 0x0000000092f00000|100%| E|CS|TAMS 0x0000000092e00000| PB 0x0000000092e00000| Complete |  0
|  97|0x0000000092f00000, 0x0000000093000000, 0x0000000093000000|100%| E|CS|TAMS 0x0000000092f00000| PB 0x0000000092f00000| Complete |  0
|  98|0x0000000093000000, 0x0000000093100000, 0x0000000093100000|100%| E|CS|TAMS 0x0000000093000000| PB 0x0000000093000000| Complete |  0
|  99|0x0000000093100000, 0x0000000093200000, 0x0000000093200000|100%| E|CS|TAMS 0x0000000093100000| PB 0x0000000093100000| Complete |  0
| 100|0x0000000093200000, 0x0000000093300000, 0x0000000093300000|100%| E|CS|TAMS 0x0000000093200000| PB 0x0000000093200000| Complete |  0
| 101|0x0000000093300000, 0x0000000093400000, 0x0000000093400000|100%| E|CS|TAMS 0x0000000093300000| PB 0x0000000093300000| Complete |  0
| 102|0x0000000093400000, 0x0000000093500000, 0x0000000093500000|100%| E|CS|TAMS 0x0000000093400000| PB 0x0000000093400000| Complete |  0
| 103|0x0000000093500000, 0x0000000093600000, 0x0000000093600000|100%| E|CS|TAMS 0x0000000093500000| PB 0x0000000093500000| Complete |  0
| 104|0x0000000093600000, 0x0000000093700000, 0x0000000093700000|100%| E|CS|TAMS 0x0000000093600000| PB 0x0000000093600000| Complete |  0
| 105|0x0000000093700000, 0x0000000093800000, 0x0000000093800000|100%| E|CS|TAMS 0x0000000093700000| PB 0x0000000093700000| Complete |  0
| 106|0x0000000093800000, 0x0000000093900000, 0x0000000093900000|100%| E|CS|TAMS 0x0000000093800000| PB 0x0000000093800000| Complete |  0
| 107|0x0000000093900000, 0x0000000093a00000, 0x0000000093a00000|100%| E|CS|TAMS 0x0000000093900000| PB 0x0000000093900000| Complete |  0
| 108|0x0000000093a00000, 0x0000000093b00000, 0x0000000093b00000|100%| E|CS|TAMS 0x0000000093a00000| PB 0x0000000093a00000| Complete |  0
| 109|0x0000000093b00000, 0x0000000093c00000, 0x0000000093c00000|100%| E|CS|TAMS 0x0000000093b00000| PB 0x0000000093b00000| Complete |  0
| 110|0x0000000093c00000, 0x0000000093d00000, 0x0000000093d00000|100%| E|CS|TAMS 0x0000000093c00000| PB 0x0000000093c00000| Complete |  0
| 111|0x0000000093d00000, 0x0000000093e00000, 0x0000000093e00000|100%| E|CS|TAMS 0x0000000093d00000| PB 0x0000000093d00000| Complete |  0
| 112|0x0000000093e00000, 0x0000000093f00000, 0x0000000093f00000|100%| E|CS|TAMS 0x0000000093e00000| PB 0x0000000093e00000| Complete |  0
| 113|0x0000000093f00000, 0x0000000094000000, 0x0000000094000000|100%| E|CS|TAMS 0x0000000093f00000| PB 0x0000000093f00000| Complete |  0
| 114|0x0000000094000000, 0x0000000094100000, 0x0000000094100000|100%| E|CS|TAMS 0x0000000094000000| PB 0x0000000094000000| Complete |  0
| 115|0x0000000094100000, 0x0000000094200000, 0x0000000094200000|100%| E|CS|TAMS 0x0000000094100000| PB 0x0000000094100000| Complete |  0
|1840|0x00000000ffe00000, 0x00000000fff00000, 0x00000000fff00000|100%| O|  |TAMS 0x00000000ffe00000| PB 0x00000000ffe00000| Untracked |  0
|1841|0x00000000fff00000, 0x00000000fff1d1c0, 0x0000000100000000| 11%| O|  |TAMS 0x00000000fff00000| PB 0x00000000fff00000| Untracked |  0

Card table byte_map: [0x000001aded5a0000,0x000001aded940000] _byte_map_base: 0x000001aded139000

Marking Bits: (CMBitMap*) 0x000001ade113bd70
 Bits: [0x000001aded940000, 0x000001adef608000)

Polling page: 0x000001ade08b0000

Metaspace:

Usage:
  Non-class:      5.38 MB used.
      Class:    580.88 KB used.
       Both:      5.94 MB used.

Virtual space:
  Non-class space:       64.00 MB reserved,       5.50 MB (  9%) committed,  1 nodes.
      Class space:        1.00 GB reserved,     704.00 KB ( <1%) committed,  1 nodes.
             Both:        1.06 GB reserved,       6.19 MB ( <1%) committed. 

Chunk freelists:
   Non-Class:  9.84 MB
       Class:  15.18 MB
        Both:  25.03 MB

MaxMetaspaceSize: unlimited
CompressedClassSpaceSize: 1.00 GB
Initial GC threshold: 21.00 MB
Current GC threshold: 21.00 MB
CDS: on
 - commit_granule_bytes: 65536.
 - commit_granule_words: 8192.
 - virtual_space_node_default_size: 8388608.
 - enlarge_chunks_in_place: 1.
UseCompressedClassPointers 1, UseCompactObjectHeaders 0
Narrow klass pointer bits 32, Max shift 3
Narrow klass base: 0x000001ad80000000, Narrow klass shift: 0
Encoding Range: [0x000001ad80000000 - 0x000001ae80000000), (4294967296 bytes)
Klass Range:    [0x000001ad80000000 - 0x000001adc1000000), (1090519040 bytes)
Klass ID Range:  [8 - 1090519033) (1090519025)


Internal statistics:

num_allocs_failed_limit: 0.
num_arena_births: 92.
num_arena_deaths: 0.
num_vsnodes_births: 2.
num_vsnodes_deaths: 0.
num_space_committed: 99.
num_space_uncommitted: 0.
num_chunks_returned_to_freelist: 0.
num_chunks_taken_from_freelist: 171.
num_chunk_merges: 0.
num_chunk_splits: 108.
num_chunks_enlarged: 58.
num_inconsistent_stats: 0.

CodeCache: size=49152Kb used=3254Kb max_used=4119Kb free=45897Kb
 bounds [0x000001ade9980000, 0x000001ade9d90000, 0x000001adec980000]
 total_blobs=1842, nmethods=1373, adapters=394, full_count=0
Compilation: enabled, stopped_count=0, restarted_count=0

Compilation events (20 events):
Event: 3.097 Thread 0x000001adf25a31d0 nmethod 1275 0x000001ade9c56a08 code [0x000001ade9c56b20, 0x000001ade9c56c58]
Event: 3.097 Thread 0x000001adf25a31d0 1279       1       java.io.DataInputStream::readShort (19 bytes)
Event: 3.097 Thread 0x000001adf25a31d0 nmethod 1279 0x000001ade9c56688 code [0x000001ade9c567a0, 0x000001ade9c56940]
Event: 3.097 Thread 0x000001adf25a31d0 1280       1       jdk.internal.util.ByteArray::getShort (9 bytes)
Event: 3.097 Thread 0x000001adf25a31d0 nmethod 1280 0x000001ade9c56388 code [0x000001ade9c564a0, 0x000001ade9c565d8]
Event: 3.097 Thread 0x000001adf25a31d0 1276       1       java.lang.System$1::newStringNoRepl (6 bytes)
Event: 3.098 Thread 0x000001adf25de5f0 nmethod 1273 0x000001ade9c54c08 code [0x000001ade9c54f40, 0x000001ade9c56298]
Event: 3.098 Thread 0x000001adf25a31d0 nmethod 1276 0x000001ade9c54608 code [0x000001ade9c54740, 0x000001ade9c54b70]
Event: 3.098 Thread 0x000001adf25a31d0 1278   !   1       java.lang.String::newStringNoRepl1 (284 bytes)
Event: 3.098 Thread 0x000001adf25de5f0 1277   !   1       java.lang.String::newStringNoRepl (33 bytes)
Event: 3.098 Thread 0x000001adf25de5f0 nmethod 1277 0x000001ade9c54088 code [0x000001ade9c541c0, 0x000001ade9c545c8]
Event: 3.098 Thread 0x000001adf25de5f0 1281       1       java.io.DataInputStream::readFully (9 bytes)
Event: 3.098 Thread 0x000001adf25de5f0 nmethod 1281 0x000001ade9c53a88 code [0x000001ade9c53ba0, 0x000001ade9c53c88]
Event: 3.098 Thread 0x000001adf25a31d0 nmethod 1278 0x000001ade9c52d08 code [0x000001ade9c52f20, 0x000001ade9c539e0]
Event: 3.103 Thread 0x000001adf25de5f0 1283       1       java.util.Arrays$ArrayItr::hasNext (18 bytes)
Event: 3.103 Thread 0x000001adf25a31d0 1284       1       java.util.Arrays$ArrayItr::next (36 bytes)
Event: 3.103 Thread 0x000001adf25de5f0 nmethod 1283 0x000001ade9c52a08 code [0x000001ade9c52b20, 0x000001ade9c52c00]
Event: 3.103 Thread 0x000001adf25a31d0 nmethod 1284 0x000001ade9c52708 code [0x000001ade9c52820, 0x000001ade9c52988]
Event: 3.104 Thread 0x000001adf25de5f0 1285       1       java.util.concurrent.ConcurrentHashMap$KeyIterator::next (34 bytes)
Event: 4.104 Thread 0x000001adf25de5f0 nmethod 1285 0x000001ade9c52388 code [0x000001ade9c524c0, 0x000001ade9c52688]

GC Heap History (0 events):
No events

Dll operation events (10 events):
Event: 0.029 Loaded shared library C:\Program Files\Java\jdk-24\bin\java.dll
Event: 0.260 Loaded shared library C:\Program Files\Java\jdk-24\bin\zip.dll
Event: 0.267 Loaded shared library C:\Program Files\Java\jdk-24\bin\instrument.dll
Event: 0.274 Loaded shared library C:\Program Files\Java\jdk-24\bin\net.dll
Event: 0.277 Loaded shared library C:\Program Files\Java\jdk-24\bin\nio.dll
Event: 0.283 Loaded shared library C:\Program Files\Java\jdk-24\bin\zip.dll
Event: 0.481 Loaded shared library C:\Program Files\Java\jdk-24\bin\jimage.dll
Event: 0.491 Loaded shared library C:\Program Files\Java\jdk-24\bin\extnet.dll
Event: 0.522 Loaded shared library C:\Program Files\Java\jdk-24\bin\management.dll
Event: 0.542 Loaded shared library C:\Program Files\Java\jdk-24\bin\management_ext.dll

Deoptimization events (0 events):
No events

Classes loaded (20 events):
Event: 3.035 Loading class sun/net/www/URLConnection done
Event: 3.035 Loading class sun/net/www/protocol/file/FileURLConnection done
Event: 3.035 Loading class sun/net/www/MessageHeader
Event: 3.035 Loading class sun/net/www/MessageHeader done
Event: 3.036 Loading class sun/net/www/protocol/jar/URLJarFile
Event: 3.036 Loading class sun/net/www/protocol/jar/URLJarFile done
Event: 3.037 Loading class sun/net/www/protocol/jar/URLJarFile$URLJarFileEntry
Event: 3.037 Loading class sun/net/www/protocol/jar/URLJarFile$URLJarFileEntry done
Event: 3.037 Loading class sun/net/www/protocol/jar/JarURLConnection$JarURLInputStream
Event: 3.037 Loading class sun/net/www/protocol/jar/JarURLConnection$JarURLInputStream done
Event: 3.076 Loading class java/net/MalformedURLException
Event: 3.076 Loading class java/net/MalformedURLException done
Event: 3.098 Loading class sun/util/calendar/ZoneInfoFile$Checksum
Event: 3.098 Loading class sun/util/calendar/ZoneInfoFile$Checksum done
Event: 3.098 Loading class java/time/zone/ZoneRulesProvider
Event: 3.099 Loading class java/time/zone/ZoneRulesProvider done
Event: 3.099 Loading class java/time/zone/TzdbZoneRulesProvider
Event: 3.099 Loading class java/time/zone/TzdbZoneRulesProvider done
Event: 3.105 Loading class java/time/zone/Ser
Event: 4.104 Loading class java/time/zone/Ser done

Classes unloaded (0 events):
No events

Classes redefined (0 events):
No events

Internal exceptions (17 events):
Event: 0.460 Thread 0x000001ade10e79c0 Exception <a 'java/lang/NoSuchMethodError'{0x0000000093bf3b30}: 'void java.lang.invoke.DirectMethodHandle$Holder.invokeStatic(java.lang.Object, java.lang.Object, java.lang.Object)'> (0x0000000093bf3b30) 
thrown [s\open\src\hotspot\share\interpreter\linkResolver.cpp, line 805]
Event: 0.470 Thread 0x000001ade10e79c0 Exception <a 'java/lang/NoSuchMethodError'{0x0000000093a28718}: 'java.lang.Object java.lang.invoke.Invokers$Holder.invokeExact_MT(java.lang.Object, java.lang.Object, java.lang.Object, java.lang.Object, java.lang.Object)'> (0x0000000093a28718) 
thrown [s\open\src\hotspot\share\interpreter\linkResolver.cpp, line 805]
Event: 0.487 Thread 0x000001adf25995b0 Exception <a 'java/lang/NoSuchMethodError'{0x0000000093a89230}: 'java.lang.Object java.lang.invoke.DirectMethodHandle$Holder.invokeStaticInit(java.lang.Object)'> (0x0000000093a89230) 
thrown [s\open\src\hotspot\share\interpreter\linkResolver.cpp, line 805]
Event: 0.494 Thread 0x000001adf25995b0 Exception <a 'java/lang/NoSuchMethodError'{0x0000000093a93e38}: 'void java.lang.invoke.DirectMethodHandle$Holder.invokeStatic(java.lang.Object, java.lang.Object)'> (0x0000000093a93e38) 
thrown [s\open\src\hotspot\share\interpreter\linkResolver.cpp, line 805]
Event: 0.546 Thread 0x000001ade10e79c0 Exception <a 'java/lang/NoSuchMethodError'{0x0000000093a768e0}: 'int java.lang.invoke.DirectMethodHandle$Holder.invokeInterface(java.lang.Object, java.lang.Object)'> (0x0000000093a768e0) 
thrown [s\open\src\hotspot\share\interpreter\linkResolver.cpp, line 805]
Event: 0.547 Thread 0x000001ade10e79c0 Exception <a 'java/lang/IncompatibleClassChangeError'{0x0000000093a7e560}: Found class java.lang.Object, but interface was expected> (0x0000000093a7e560) 
thrown [s\open\src\hotspot\share\interpreter\linkResolver.cpp, line 872]
Event: 0.611 Thread 0x000001ade10e79c0 Exception <a 'java/lang/NoSuchMethodError'{0x000000009381f9a0}: 'void java.lang.invoke.DirectMethodHandle$Holder.invokeSpecial(java.lang.Object, java.lang.Object, java.lang.Object)'> (0x000000009381f9a0) 
thrown [s\open\src\hotspot\share\interpreter\linkResolver.cpp, line 805]
Event: 0.632 Thread 0x000001ade10e79c0 Exception <a 'java/lang/NoSuchMethodError'{0x0000000093884f00}: 'int java.lang.invoke.DirectMethodHandle$Holder.invokeSpecial(java.lang.Object, java.lang.Object, java.lang.Object)'> (0x0000000093884f00) 
thrown [s\open\src\hotspot\share\interpreter\linkResolver.cpp, line 805]
Event: 0.688 Thread 0x000001ade10e79c0 Exception <a 'java/lang/NoSuchMethodError'{0x00000000936ff2e8}: 'java.lang.Object java.lang.invoke.DirectMethodHandle$Holder.invokeStaticInit(java.lang.Object, java.lang.Object, java.lang.Object)'> (0x00000000936ff2e8) 
thrown [s\open\src\hotspot\share\interpreter\linkResolver.cpp, line 805]
Event: 0.800 Thread 0x000001ade10e79c0 Exception <a 'java/lang/NoSuchMethodError'{0x00000000932a63f8}: 'int java.lang.invoke.DirectMethodHandle$Holder.invokeSpecialIFC(java.lang.Object, java.lang.Object, java.lang.Object)'> (0x00000000932a63f8) 
thrown [s\open\src\hotspot\share\interpreter\linkResolver.cpp, line 805]
Event: 0.866 Thread 0x000001ade10e79c0 Exception <a 'java/lang/NoSuchMethodError'{0x0000000093139340}: 'java.lang.Object java.lang.invoke.DirectMethodHandle$Holder.invokeStaticInit(java.lang.Object, int, int, int, int)'> (0x0000000093139340) 
thrown [s\open\src\hotspot\share\interpreter\linkResolver.cpp, line 805]
Event: 0.895 Thread 0x000001ade10e79c0 Exception <a 'java/lang/NoSuchMethodError'{0x000000009300ca98}: 'java.lang.Object java.lang.invoke.DirectMethodHandle$Holder.invokeStaticInit(java.lang.Object, java.lang.Object, int, int, int, int)'> (0x000000009300ca98) 
thrown [s\open\src\hotspot\share\interpreter\linkResolver.cpp, line 805]
Event: 0.922 Thread 0x000001ade10e79c0 Exception <a 'java/lang/ClassNotFoundException'{0x0000000093023570}: javax/management/remote/rmi/RMIServerImpl_Skel> (0x0000000093023570) 
thrown [s\open\src\hotspot\share\classfile\systemDictionary.cpp, line 327]
Event: 0.942 Thread 0x000001ade10e79c0 Exception <a 'java/lang/NoSuchMethodError'{0x0000000093037418}: 'long java.lang.invoke.DirectMethodHandle$Holder.invokeSpecial(java.lang.Object, java.lang.Object)'> (0x0000000093037418) 
thrown [s\open\src\hotspot\share\interpreter\linkResolver.cpp, line 805]
Event: 0.943 Thread 0x000001ade10e79c0 Exception <a 'java/lang/NoSuchMethodError'{0x000000009303f2d0}: 'long java.lang.invoke.Invokers$Holder.invokeExact_MT(java.lang.Object, java.lang.Object)'> (0x000000009303f2d0) 
thrown [s\open\src\hotspot\share\interpreter\linkResolver.cpp, line 805]
Event: 3.074 Thread 0x000001ade10e79c0 Exception <a 'java/lang/NoSuchMethodError'{0x0000000092e898e0}: 'java.lang.Object java.lang.invoke.DelegatingMethodHandle$Holder.reinvoke_L(java.lang.Object, java.lang.Object, java.lang.Object, long, java.lang.Object)'> (0x0000000092e898e0) 
thrown [s\open\src\hotspot\share\interpreter\linkResolver.cpp, line 805]
Event: 3.075 Thread 0x000001ade10e79c0 Exception <a 'java/lang/NoSuchMethodError'{0x0000000092e99ed8}: 'java.lang.Object java.lang.invoke.Invokers$Holder.linkToTargetMethod(java.lang.Object, long, java.lang.Object, java.lang.Object)'> (0x0000000092e99ed8) 
thrown [s\open\src\hotspot\share\interpreter\linkResolver.cpp, line 805]

VM Operations (12 events):
Event: 0.238 Executing VM operation: HandshakeAllThreads (Deoptimize)
Event: 0.238 Executing VM operation: HandshakeAllThreads (Deoptimize) done
Event: 0.824 Executing VM operation: HandshakeAllThreads (Deoptimize)
Event: 0.824 Executing VM operation: HandshakeAllThreads (Deoptimize) done
Event: 0.919 Executing VM operation: HandshakeAllThreads (Deoptimize)
Event: 0.919 Executing VM operation: HandshakeAllThreads (Deoptimize) done
Event: 0.960 Executing VM operation: HandshakeAllThreads (Deoptimize)
Event: 0.960 Executing VM operation: HandshakeAllThreads (Deoptimize) done
Event: 3.032 Executing VM operation: HandshakeAllThreads (Deoptimize)
Event: 3.032 Executing VM operation: HandshakeAllThreads (Deoptimize) done
Event: 3.036 Executing VM operation: HandshakeAllThreads (Deoptimize)
Event: 3.036 Executing VM operation: HandshakeAllThreads (Deoptimize) done

Memory protections (0 events):
No events

Nmethod flushes (0 events):
No events

Events (17 events):
Event: 0.049 Thread 0x000001ade10e79c0 Thread added: 0x000001ade10e79c0
Event: 0.071 Thread 0x000001ade10e79c0 Thread added: 0x000001adf2593a40
Event: 0.072 Thread 0x000001ade10e79c0 Thread added: 0x000001adf2594cf0
Event: 0.072 Thread 0x000001ade10e79c0 Thread added: 0x000001adf259a450
Event: 0.073 Thread 0x000001ade10e79c0 Thread added: 0x000001adf259aba0
Event: 0.073 Thread 0x000001ade10e79c0 Thread added: 0x000001adf2597870
Event: 0.073 Thread 0x000001ade10e79c0 Thread added: 0x000001adf2598e60
Event: 0.073 Thread 0x000001ade10e79c0 Thread added: 0x000001adf25a31d0
Event: 0.198 Thread 0x000001adf25a31d0 Thread added: 0x000001adf25de5f0
Event: 0.271 Thread 0x000001ade10e79c0 Thread added: 0x000001adf2599d00
Event: 0.292 Thread 0x000001adf25de5f0 Thread added: 0x000001adc515c530
Event: 0.344 Thread 0x000001adc515c530 Thread added: 0x000001adc521f280
Event: 0.474 Thread 0x000001ade10e79c0 Thread added: 0x000001adf25995b0
Event: 0.475 Thread 0x000001ade10e79c0 Thread added: 0x000001adf2597fc0
Event: 0.934 Thread 0x000001ade10e79c0 Thread added: 0x000001adf2598710
Event: 2.019 Thread 0x000001adc521f280 Thread exited: 0x000001adc521f280
Event: 3.029 Thread 0x000001adc515c530 Thread exited: 0x000001adc515c530


Dynamic libraries:
0x00007ff63fae0000 - 0x00007ff63faf0000 	C:\Program Files\Java\jdk-24\bin\java.exe
0x00007ffc76020000 - 0x00007ffc76288000 	C:\WINDOWS\SYSTEM32\ntdll.dll
0x00007ffc74c00000 - 0x00007ffc74cc9000 	C:\WINDOWS\System32\KERNEL32.DLL
0x00007ffc736f0000 - 0x00007ffc73add000 	C:\WINDOWS\System32\KERNELBASE.dll
0x00007ffc732b0000 - 0x00007ffc733fb000 	C:\WINDOWS\System32\ucrtbase.dll
0x00007ffc4d7b0000 - 0x00007ffc4d7cb000 	C:\Program Files\Java\jdk-24\bin\VCRUNTIME140.dll
0x00007ffc4d5d0000 - 0x00007ffc4d5e6000 	C:\Program Files\Java\jdk-24\bin\jli.dll
0x00007ffc74f70000 - 0x00007ffc7513c000 	C:\WINDOWS\System32\USER32.dll
0x00007ffc5a750000 - 0x00007ffc5a9ea000 	C:\WINDOWS\WinSxS\amd64_microsoft.windows.common-controls_6595b64144ccf1df_6.0.26100.4484_none_3e0e6d4ce32ef3b3\COMCTL32.dll
0x00007ffc73610000 - 0x00007ffc73637000 	C:\WINDOWS\System32\win32u.dll
0x00007ffc74160000 - 0x00007ffc74209000 	C:\WINDOWS\System32\msvcrt.dll
0x00007ffc75fa0000 - 0x00007ffc75fcb000 	C:\WINDOWS\System32\GDI32.dll
0x00007ffc73170000 - 0x00007ffc732a7000 	C:\WINDOWS\System32\gdi32full.dll
0x00007ffc73640000 - 0x00007ffc736e3000 	C:\WINDOWS\System32\msvcp_win.dll
0x00007ffc75140000 - 0x00007ffc7516f000 	C:\WINDOWS\System32\IMM32.DLL
0x00007ffc65cc0000 - 0x00007ffc65ccc000 	C:\Program Files\Java\jdk-24\bin\vcruntime140_1.dll
0x00007ffc16270000 - 0x00007ffc162fe000 	C:\Program Files\Java\jdk-24\bin\msvcp140.dll
0x00007ffbdd5e0000 - 0x00007ffbde382000 	C:\Program Files\Java\jdk-24\bin\server\jvm.dll
0x00007ffc75330000 - 0x00007ffc753e4000 	C:\WINDOWS\System32\ADVAPI32.dll
0x00007ffc74ce0000 - 0x00007ffc74d86000 	C:\WINDOWS\System32\sechost.dll
0x00007ffc75400000 - 0x00007ffc75518000 	C:\WINDOWS\System32\RPCRT4.dll
0x00007ffc75eb0000 - 0x00007ffc75f24000 	C:\WINDOWS\System32\WS2_32.dll
0x00007ffc72fc0000 - 0x00007ffc7301e000 	C:\WINDOWS\SYSTEM32\POWRPROF.dll
0x00007ffc66390000 - 0x00007ffc663c5000 	C:\WINDOWS\SYSTEM32\WINMM.dll
0x00007ffc6b920000 - 0x00007ffc6b92b000 	C:\WINDOWS\SYSTEM32\VERSION.dll
0x00007ffc72fa0000 - 0x00007ffc72fb4000 	C:\WINDOWS\SYSTEM32\UMPDC.dll
0x00007ffc71f20000 - 0x00007ffc71f3b000 	C:\WINDOWS\SYSTEM32\kernel.appcore.dll
0x00007ffc655f0000 - 0x00007ffc655fa000 	C:\Program Files\Java\jdk-24\bin\jimage.dll
0x00007ffc6d740000 - 0x00007ffc6d981000 	C:\WINDOWS\SYSTEM32\DBGHELP.DLL
0x00007ffc74230000 - 0x00007ffc745b6000 	C:\WINDOWS\System32\combase.dll
0x00007ffc74070000 - 0x00007ffc74150000 	C:\WINDOWS\System32\OLEAUT32.dll
0x00007ffc56490000 - 0x00007ffc564d3000 	C:\WINDOWS\SYSTEM32\dbgcore.DLL
0x00007ffc73d20000 - 0x00007ffc73db9000 	C:\WINDOWS\System32\bcryptPrimitives.dll
0x00007ffc64360000 - 0x00007ffc6436f000 	C:\Program Files\Java\jdk-24\bin\instrument.dll
0x00007ffc4d500000 - 0x00007ffc4d51e000 	C:\Program Files\Java\jdk-24\bin\java.dll
0x00007ffc75d00000 - 0x00007ffc75e9e000 	C:\WINDOWS\System32\ole32.dll
0x00007ffc75520000 - 0x00007ffc75c6a000 	C:\WINDOWS\System32\SHELL32.dll
0x00007ffc73ae0000 - 0x00007ffc73c54000 	C:\WINDOWS\System32\wintypes.dll
0x00007ffc70d90000 - 0x00007ffc715eb000 	C:\WINDOWS\SYSTEM32\windows.storage.dll
0x00007ffc73f70000 - 0x00007ffc74065000 	C:\WINDOWS\System32\SHCORE.dll
0x00007ffc75f30000 - 0x00007ffc75f9a000 	C:\WINDOWS\System32\shlwapi.dll
0x00007ffc73080000 - 0x00007ffc730af000 	C:\WINDOWS\SYSTEM32\profapi.dll
0x00007ffc4d4c0000 - 0x00007ffc4d4d7000 	C:\Program Files\Java\jdk-24\bin\zip.dll
0x00007ffc64680000 - 0x00007ffc64690000 	C:\Program Files\Java\jdk-24\bin\net.dll
0x00007ffc724a0000 - 0x00007ffc7250a000 	C:\WINDOWS\system32\mswsock.dll
0x00007ffc4d4e0000 - 0x00007ffc4d4f6000 	C:\Program Files\Java\jdk-24\bin\nio.dll
0x00007ffc5ae80000 - 0x00007ffc5ae89000 	C:\Program Files\Java\jdk-24\bin\extnet.dll
0x00007ffc719f0000 - 0x00007ffc71b16000 	C:\WINDOWS\SYSTEM32\DNSAPI.dll
0x00007ffc719b0000 - 0x00007ffc719e3000 	C:\WINDOWS\SYSTEM32\IPHLPAPI.DLL
0x00007ffc753f0000 - 0x00007ffc753fa000 	C:\WINDOWS\System32\NSI.dll
0x00007ffc6c1a0000 - 0x00007ffc6c1ab000 	C:\Windows\System32\rasadhlp.dll
0x00007ffc6c990000 - 0x00007ffc6ca16000 	C:\WINDOWS\System32\fwpuclnt.dll
0x00007ffc4d5c0000 - 0x00007ffc4d5ca000 	C:\Program Files\Java\jdk-24\bin\management.dll
0x00007ffc4cef0000 - 0x00007ffc4cefb000 	C:\Program Files\Java\jdk-24\bin\management_ext.dll
0x00007ffc75fd0000 - 0x00007ffc75fd8000 	C:\WINDOWS\System32\PSAPI.DLL
0x00007ffc72760000 - 0x00007ffc7277b000 	C:\WINDOWS\SYSTEM32\CRYPTSP.dll
0x00007ffc71e80000 - 0x00007ffc71eba000 	C:\WINDOWS\system32\rsaenh.dll
0x00007ffc72540000 - 0x00007ffc7256b000 	C:\WINDOWS\SYSTEM32\USERENV.dll
0x00007ffc73050000 - 0x00007ffc73076000 	C:\WINDOWS\SYSTEM32\bcrypt.dll
0x00007ffc72750000 - 0x00007ffc7275c000 	C:\WINDOWS\SYSTEM32\CRYPTBASE.dll
0x00007ffc4c420000 - 0x00007ffc4c438000 	C:\WINDOWS\system32\napinsp.dll
0x00007ffc4c400000 - 0x00007ffc4c412000 	C:\WINDOWS\System32\winrnr.dll
0x00007ffc4c3c0000 - 0x00007ffc4c3f0000 	C:\WINDOWS\system32\nlansp_c.dll
0x00007ffc6a540000 - 0x00007ffc6a560000 	C:\WINDOWS\system32\wshbth.dll

JVMTI agents:
C:\Program Files\JetBrains\IntelliJ IDEA 2025.1.2\lib\idea_rt.jar path:C:\Program Files\Java\jdk-24\bin\instrument.dll, loaded, initialized, instrumentlib options:59819

dbghelp: loaded successfully - version: 4.0.5 - missing functions: none
symbol engine: initialized successfully - sym options: 0x614 - pdb path: .;C:\Program Files\Java\jdk-24\bin;C:\WINDOWS\SYSTEM32;C:\WINDOWS\WinSxS\amd64_microsoft.windows.common-controls_6595b64144ccf1df_6.0.26100.4484_none_3e0e6d4ce32ef3b3;C:\Program Files\Java\jdk-24\bin\server

VM Arguments:
jvm_args: -XX:TieredStopAtLevel=1 -Dspring.output.ansi.enabled=always -Dcom.sun.management.jmxremote -Dspring.jmx.enabled=true -Dspring.liveBeansView.mbeanDomain -Dspring.application.admin.enabled=true -Dmanagement.endpoints.jmx.exposure.include=* -javaagent:C:\Program Files\JetBrains\IntelliJ IDEA 2025.1.2\lib\idea_rt.jar=59819 -Dfile.encoding=UTF-8 -Dsun.stdout.encoding=UTF-8 -Dsun.stderr.encoding=UTF-8 
java_command: com.anish.ecomproj.EcomProjApplication
java_class_path (initial): C:\Users\anish\IdeaProjects\EcomProj\target\classes;C:\Users\anish\.m2\repository\org\springframework\boot\spring-boot-starter-data-jpa\3.5.3\spring-boot-starter-data-jpa-3.5.3.jar;C:\Users\anish\.m2\repository\org\springframework\boot\spring-boot-starter\3.5.3\spring-boot-starter-3.5.3.jar;C:\Users\anish\.m2\repository\org\springframework\boot\spring-boot-starter-logging\3.5.3\spring-boot-starter-logging-3.5.3.jar;C:\Users\anish\.m2\repository\ch\qos\logback\logback-classic\1.5.18\logback-classic-1.5.18.jar;C:\Users\anish\.m2\repository\ch\qos\logback\logback-core\1.5.18\logback-core-1.5.18.jar;C:\Users\anish\.m2\repository\org\apache\logging\log4j\log4j-to-slf4j\2.24.3\log4j-to-slf4j-2.24.3.jar;C:\Users\anish\.m2\repository\org\apache\logging\log4j\log4j-api\2.24.3\log4j-api-2.24.3.jar;C:\Users\anish\.m2\repository\org\slf4j\jul-to-slf4j\2.0.17\jul-to-slf4j-2.0.17.jar;C:\Users\anish\.m2\repository\jakarta\annotation\jakarta.annotation-api\2.1.1\jakarta.annotation-api-2.1.1.jar;C:\Users\anish\.m2\repository\org\yaml\snakeyaml\2.4\snakeyaml-2.4.jar;C:\Users\anish\.m2\repository\org\springframework\boot\spring-boot-starter-jdbc\3.5.3\spring-boot-starter-jdbc-3.5.3.jar;C:\Users\anish\.m2\repository\com\zaxxer\HikariCP\6.3.0\HikariCP-6.3.0.jar;C:\Users\anish\.m2\repository\org\springframework\spring-jdbc\6.2.8\spring-jdbc-6.2.8.jar;C:\Users\anish\.m2\repository\org\hibernate\orm\hibernate-core\6.6.18.Final\hibernate-core-6.6.18.Final.jar;C:\Users\anish\.m2\repository\jakarta\persistence\jakarta.persistence-api\3.1.0\jakarta.persistence-api-3.1.0.jar;C:\Users\anish\.m2\repository\jakarta\transaction\jakarta.transaction-api\2.0.1\jakarta.transaction-api-2.0.1.jar;C:\Users\anish\.m2\repository\org\jboss\logging\jboss-logging\3.6.1.Final\jboss-logging-3.6.1.Final.jar;C:\Users\anish\.m2\repository\org\hibernate\common\hibernate-commons-annotations\7.0.3.Final\hibernate-commons-annotations-7.0.3.Final.jar;C:\Users\anish\.m2\repository\io\smallrye\jandex\3.2.0\jandex-3.2.0.jar;C:\Users\anish\.m2\repository\com\fasterxml\classmate\1.7.0\classmate-1.7.0.jar;C:\Users\anish\.m2\repository\net\bytebuddy\byte-buddy\1.17.6\byte-buddy-1.17.6.jar;C:\Users\anish\.m2\repository\org\glassfish\jaxb\jaxb-runtime\4.0.5\jaxb-runtime-4.0.5.jar;C:\Users\anish\.m2\repository\org\glassfish\jaxb\jaxb-core\4.0.5\jaxb-core-4.0.5.jar;C:\Users\anish\.m2\repository\org\eclipse\angus\angus-activation\2.0.2\angus-activation-2.0.2.jar;C:\Users\anish\.m2\repository\org\glassfish\jaxb\txw2\4.0.5\txw2-4.0.5.jar;C:\Users\anish\.m2\repository\com\sun\istack\istack-commons-runtime\4.1.2\istack-commons-runtime-4.1.2.jar;C:\Users\anish\.m2\repository\jakarta\inject\jakarta.inject-api\2.0.1\jakarta.inject-api-2.0.1.jar;C:\Users\anish\.m2\repository\org\antlr\antlr4-runtime\4.13.0\antlr4-runtime-4.13.0.jar;C:\Users\anish\.m2\repository\org\springframework\data\spring-data-jpa\3.5.1\spring-data-jpa-3.5.1.jar;C:\Users\anish\.m2\repository\org\springframework\data\spring-data-commons\3.5.1\spring-data-commons-3.5.1.jar;C:\Users\anish\.m2\repository\org\springframework\spring-orm\6.2.8\spring-orm-6.2.8.jar;C:\Users\anish\.m2\repository\org\springframework\spring-context\6.2.8\spring-context-6.2.8.jar;C:\Users\anish\.m2\repository\org\springframework\spring-aop\6.2.8\spring-aop-6.2.8.jar;C:\Users\anish\.m2\repository\org\springframework\spring-tx\6.2.8\spring-tx-6.2.8.jar;C:\Users\anish\.m2\repository\org\springframework\spring-beans\6.2.8\spring-beans-6.2.8.jar;C:\Users\anish\.m2\repository\org\slf4j\slf4j-api\2.0.17\slf4j-api-2.0.17.jar;C:\Users\anish\.m2\repository\org\springframework\spring-aspects\6.2.8\spring-aspects-6.2.8.jar;C:\Users\anish\.m2\repository\org\aspectj\aspectjweaver\1.9.24\aspectjweaver-1.9.24.jar;C:\Users\anish\.m2\repository\org\springframework\boot\spring-boot-starter-web\3.5.3\spring-boot-starter-web-3.5.3.jar;C:\Users\anish\.m2\repository\org\springframework\boot\spring-boot-starter-json\3.5.3\spring-boot-starter-json-3.5.3.jar;C:\Users\anish\.m2\repository\com\fasterxml\jackson\core\jackson-databind\2.19.1\jackson-databind-2.19.1.jar;C:\Users\anish\.m2\repository\com\fasterxml\jackson\core\jackson-annotations\2.19.1\jackson-annotations-2.19.1.jar;C:\Users\anish\.m2\repository\com\fasterxml\jackson\core\jackson-core\2.19.1\jackson-core-2.19.1.jar;C:\Users\anish\.m2\repository\com\fasterxml\jackson\datatype\jackson-datatype-jdk8\2.19.1\jackson-datatype-jdk8-2.19.1.jar;C:\Users\anish\.m2\repository\com\fasterxml\jackson\datatype\jackson-datatype-jsr310\2.19.1\jackson-datatype-jsr310-2.19.1.jar;C:\Users\anish\.m2\repository\com\fasterxml\jackson\module\jackson-module-parameter-names\2.19.1\jackson-module-parameter-names-2.19.1.jar;C:\Users\anish\.m2\repository\org\springframework\boot\spring-boot-starter-tomcat\3.5.3\spring-boot-starter-tomcat-3.5.3.jar;C:\Users\anish\.m2\repository\org\apache\tomcat\embed\tomcat-embed-core\10.1.42\tomcat-embed-core-10.1.42.jar;C:\Users\anish\.m2\repository\org\apache\tomcat\embed\tomcat-embed-el\10.1.42\tomcat-embed-el-10.1.42.jar;C:\Users\anish\.m2\repository\org\apache\tomcat\embed\tomcat-embed-websocket\10.1.42\tomcat-embed-websocket-10.1.42.jar;C:\Users\anish\.m2\repository\org\springframework\spring-web\6.2.8\spring-web-6.2.8.jar;C:\Users\anish\.m2\repository\io\micrometer\micrometer-observation\1.15.1\micrometer-observation-1.15.1.jar;C:\Users\anish\.m2\repository\io\micrometer\micrometer-commons\1.15.1\micrometer-commons-1.15.1.jar;C:\Users\anish\.m2\repository\org\springframework\spring-webmvc\6.2.8\spring-webmvc-6.2.8.jar;C:\Users\anish\.m2\repository\org\springframework\spring-expression\6.2.8\spring-expression-6.2.8.jar;C:\Users\anish\.m2\repository\org\springframework\boot\spring-boot-devtools\3.5.3\spring-boot-devtools-3.5.3.jar;C:\Users\anish\.m2\repository\org\springframework\boot\spring-boot\3.5.3\spring-boot-3.5.3.jar;C:\Users\anish\.m2\repository\org\springframework\boot\spring-boot-autoconfigure\3.5.3\spring-boot-autoconfigure-3.5.3.jar;C:\Users\anish\.m2\repository\com\h2database\h2\2.3.232\h2-2.3.232.jar;C:\Users\anish\.m2\repository\org\projectlombok\lombok\1.18.38\lombok-1.18.38.jar;C:\Users\anish\.m2\repository\jakarta\xml\bind\jakarta.xml.bind-api\4.0.2\jakarta.xml.bind-api-4.0.2.jar;C:\Users\anish\.m2\repository\jakarta\activation\jakarta.activation-api\2.1.3\jakarta.activation-api-2.1.3.jar;C:\Users\anish\.m2\repository\org\springframework\spring-core\6.2.8\spring-core-6.2.8.jar;C:\Users\anish\.m2\repository\org\springframework\spring-jcl\6.2.8\spring-jcl-6.2.8.jar
Launcher Type: SUN_STANDARD

[Global flags]
     intx CICompilerCount                          = 12                                        {product} {ergonomic}
     uint ConcGCThreads                            = 3                                         {product} {ergonomic}
     uint G1ConcRefinementThreads                  = 13                                        {product} {ergonomic}
   size_t G1HeapRegionSize                         = 1048576                                   {product} {ergonomic}
   size_t InitialHeapSize                          = 121634816                                 {product} {ergonomic}
     bool ManagementServer                         = true                                      {product} {command line}
   size_t MarkStackSize                            = 4194304                                   {product} {ergonomic}
   size_t MarkStackSizeMax                         = 536870912                                 {product} {ergonomic}
   size_t MaxHeapSize                              = 1931476992                                {product} {ergonomic}
   size_t MaxNewSize                               = 1158676480                                {product} {ergonomic}
   size_t MinHeapDeltaBytes                        = 1048576                                   {product} {ergonomic}
   size_t MinHeapSize                              = 8388608                                   {product} {ergonomic}
    uintx NonNMethodCodeHeapSize                   = 4096                                   {pd product} {ergonomic}
    uintx NonProfiledCodeHeapSize                  = 0                                      {pd product} {ergonomic}
     bool ProfileInterpreter                       = false                                  {pd product} {command line}
    uintx ProfiledCodeHeapSize                     = 0                                      {pd product} {ergonomic}
   size_t SoftMaxHeapSize                          = 1931476992                             {manageable} {ergonomic}
     intx TieredStopAtLevel                        = 1                                         {product} {command line}
     bool UseCompressedOops                        = true                           {product lp64_product} {ergonomic}
     bool UseG1GC                                  = true                                      {product} {ergonomic}
     bool UseLargePagesIndividualAllocation        = false                                  {pd product} {ergonomic}

Logging:
Log output configuration:
 #0: stdout all=warning uptime,level,tags foldmultilines=false
 #1: stderr all=off uptime,level,tags foldmultilines=false

Environment Variables:
PATH=C:\Program Files\Common Files\Oracle\Java\javapath;C:\Program Files (x86)\Common Files\Oracle\Java\java8path;C:\Program Files (x86)\Common Files\Oracle\Java\javapath;C:\Windows\system32;C:\Windows;C:\Windows\System32\Wbem;C:\Windows\System32\WindowsPowerShell\v1.0\;C:\Windows\System32\OpenSSH\;C:\Program Files (x86)\NVIDIA Corporation\PhysX\Common;C:\Program Files\NVIDIA Corporation\NVIDIA NvDLISR;C:\Program Files (x86)\ZeroTier\One\;C:\Program Files\nodejs\;C:\Program Files\Git\cmd;C:\WINDOWS\system32;C:\WINDOWS;C:\WINDOWS\System32\Wbem;C:\WINDOWS\System32\WindowsPowerShell\v1.0\;C:\WINDOWS\System32\OpenSSH\;C:\Program Files\MySQL\MySQL Shell 8.0\bin\;C:\Users\anish\AppData\Local\Microsoft\WindowsApps;C:\Users\anish\AppData\Local\Programs\Microsoft VS Code\bin;C:\Users\anish\AppData\Roaming\npm;C:\MinGW\bin;C:\Program Files\Java\jdk-24\bin;C:\Program Files\gradle\gradle-8.14.2\bin;;C:\Program Files\JetBrains\IntelliJ IDEA 2025.1.2\bin;
USERNAME=anish
OS=Windows_NT
PROCESSOR_IDENTIFIER=AMD64 Family 25 Model 68 Stepping 1, AuthenticAMD
TMP=C:\Users\anish\AppData\Local\Temp
TEMP=C:\Users\anish\AppData\Local\Temp




Periodic native trim disabled

---------------  S Y S T E M  ---------------

OS:
 Windows 11 , 64 bit Build 26100 (10.0.26100.4484)
OS uptime: 0 days 16:11 hours
Hyper-V role detected

CPU: total 16 (initial active 16) (16 cores per cpu, 2 threads per core) family 25 model 68 stepping 1 microcode 0xa404102, cx8, cmov, fxsr, ht, mmx, 3dnowpref, sse, sse2, sse3, ssse3, sse4a, sse4.1, sse4.2, popcnt, lzcnt, tsc, tscinvbit, avx, avx2, aes, erms, clmul, bmi1, bmi2, adx, sha, fma, vzeroupper, clflush, clflushopt, hv, rdtscp, rdpid, fsrm, f16c, cet_ss
Processor Information for processor 0
  Max Mhz: 3201, Current Mhz: 2508, Mhz Limit: 3201
Processor Information for processor 1
  Max Mhz: 3201, Current Mhz: 1989, Mhz Limit: 3201
Processor Information for processor 2
  Max Mhz: 3201, Current Mhz: 1989, Mhz Limit: 3201
Processor Information for processor 3
  Max Mhz: 3201, Current Mhz: 2508, Mhz Limit: 3201
Processor Information for processor 4
  Max Mhz: 3201, Current Mhz: 2508, Mhz Limit: 3201
Processor Information for processor 5
  Max Mhz: 3201, Current Mhz: 1989, Mhz Limit: 3201
Processor Information for processor 6
  Max Mhz: 3201, Current Mhz: 1989, Mhz Limit: 3201
Processor Information for processor 7
  Max Mhz: 3201, Current Mhz: 1989, Mhz Limit: 3201
Processor Information for processor 8
  Max Mhz: 3201, Current Mhz: 1989, Mhz Limit: 3201
Processor Information for processor 9
  Max Mhz: 3201, Current Mhz: 1989, Mhz Limit: 3201
Processor Information for processor 10
  Max Mhz: 3201, Current Mhz: 1989, Mhz Limit: 3201
Processor Information for processor 11
  Max Mhz: 3201, Current Mhz: 1989, Mhz Limit: 3201
Processor Information for processor 12
  Max Mhz: 3201, Current Mhz: 1989, Mhz Limit: 3201
Processor Information for processor 13
  Max Mhz: 3201, Current Mhz: 1989, Mhz Limit: 3201
Processor Information for processor 14
  Max Mhz: 3201, Current Mhz: 1989, Mhz Limit: 3201
Processor Information for processor 15
  Max Mhz: 3201, Current Mhz: 1989, Mhz Limit: 3201

Memory: 4k page, system-wide physical 7365M (537M free)
TotalPageFile size 19365M (AvailPageFile size 0M)
current process WorkingSet (physical memory assigned to process): 77M, peak: 77M
current process commit charge ("private bytes"): 223M, peak: 223M

vm_info: Java HotSpot(TM) 64-Bit Server VM (24.0.1+9-30) for windows-amd64 JRE (24.0.1+9-30), built on 2025-03-05T07:23:45Z with MS VC++ 17.6 (VS2022)

END.
